// Jest Snapshot v1, https://goo.gl/fbAQLP

exports[`TEST Project 1`] = `
<div>
  <h1>
    My Title :
    Card
  </h1>
</div>
`;

exports[`TEST SUIT 1`] = `
<div
  style={
    Object {
      "background": "green",
      "color": "red",
    }
  }
>
  Text : 
  World
   
</div>
`;
